[08-Mar-2026 23:52:58 UTC] Connection failed: SQLSTATE[HY000] [1045] Access denied for user 'u936589048_leader'@'localhost' (using password: YES)
[09-Mar-2026 00:04:41 UTC] Connection failed: SQLSTATE[HY000] [1045] Access denied for user 'u936589048_leader'@'localhost' (using password: YES)
[09-Mar-2026 00:04:49 UTC] Connection failed: SQLSTATE[HY000] [1045] Access denied for user 'u936589048_leader'@'localhost' (using password: YES)
[09-Mar-2026 00:04:59 UTC] Connection failed: SQLSTATE[HY000] [1045] Access denied for user 'u936589048_leader'@'localhost' (using password: YES)
[09-Mar-2026 00:05:03 UTC] Connection failed: SQLSTATE[HY000] [1045] Access denied for user 'u936589048_leader'@'localhost' (using password: YES)
[09-Mar-2026 00:05:08 UTC] Connection failed: SQLSTATE[HY000] [1045] Access denied for user 'u936589048_leader'@'localhost' (using password: YES)
[09-Mar-2026 00:05:18 UTC] Connection failed: SQLSTATE[HY000] [1045] Access denied for user 'u936589048_leader'@'localhost' (using password: YES)
[09-Mar-2026 00:05:26 UTC] Connection failed: SQLSTATE[HY000] [1045] Access denied for user 'u936589048_leader'@'localhost' (using password: YES)
[09-Mar-2026 00:06:08 UTC] Connection failed: SQLSTATE[HY000] [1045] Access denied for user 'u936589048_leader'@'localhost' (using password: YES)
[09-Mar-2026 22:35:05 UTC] File uploaded successfully: uploads/training/1773095705_69af4b191a1a5.pdf
[09-Mar-2026 22:36:16 UTC] File uploaded successfully: uploads/training/1773095776_69af4b6056481.pdf
[09-Mar-2026 22:46:34 UTC] File uploaded successfully: uploads/training/1773096394_69af4dca84289.png
[10-Mar-2026 20:02:37 UTC] PHP Fatal error:  Uncaught PDOException: SQLSTATE[HY000]: General error: 2014 Cannot execute queries while other unbuffered queries are active.  Consider using PDOStatement::fetchAll().  Alternatively, if your code is only ever going to run against mysql, you may enable query buffering by setting the PDO::MYSQL_ATTR_USE_BUFFERED_QUERY attribute. in /home/u936589048/domains/kelto.tech/public_html/leaderdesk/admin_settings.php:121
Stack trace:
#0 /home/u936589048/domains/kelto.tech/public_html/leaderdesk/admin_settings.php(121): PDO->exec()
#1 {main}
  thrown in /home/u936589048/domains/kelto.tech/public_html/leaderdesk/admin_settings.php on line 121
[10-Mar-2026 20:03:13 UTC] PHP Fatal error:  Uncaught PDOException: SQLSTATE[HY000]: General error: 2014 Cannot execute queries while other unbuffered queries are active.  Consider using PDOStatement::fetchAll().  Alternatively, if your code is only ever going to run against mysql, you may enable query buffering by setting the PDO::MYSQL_ATTR_USE_BUFFERED_QUERY attribute. in /home/u936589048/domains/kelto.tech/public_html/leaderdesk/admin_settings.php:121
Stack trace:
#0 /home/u936589048/domains/kelto.tech/public_html/leaderdesk/admin_settings.php(121): PDO->exec()
#1 {main}
  thrown in /home/u936589048/domains/kelto.tech/public_html/leaderdesk/admin_settings.php on line 121
[10-Mar-2026 20:19:47 UTC] Failed to optimize announcements: SQLSTATE[HY000]: General error: 2014 Cannot execute queries while other unbuffered queries are active.  Consider using PDOStatement::fetchAll().  Alternatively, if your code is only ever going to run against mysql, you may enable query buffering by setting the PDO::MYSQL_ATTR_USE_BUFFERED_QUERY attribute.
[10-Mar-2026 20:19:47 UTC] Failed to optimize badges: SQLSTATE[HY000]: General error: 2014 Cannot execute queries while other unbuffered queries are active.  Consider using PDOStatement::fetchAll().  Alternatively, if your code is only ever going to run against mysql, you may enable query buffering by setting the PDO::MYSQL_ATTR_USE_BUFFERED_QUERY attribute.
[10-Mar-2026 20:19:47 UTC] Failed to optimize event_attendance: SQLSTATE[HY000]: General error: 2014 Cannot execute queries while other unbuffered queries are active.  Consider using PDOStatement::fetchAll().  Alternatively, if your code is only ever going to run against mysql, you may enable query buffering by setting the PDO::MYSQL_ATTR_USE_BUFFERED_QUERY attribute.
[10-Mar-2026 20:19:47 UTC] Failed to optimize events: SQLSTATE[HY000]: General error: 2014 Cannot execute queries while other unbuffered queries are active.  Consider using PDOStatement::fetchAll().  Alternatively, if your code is only ever going to run against mysql, you may enable query buffering by setting the PDO::MYSQL_ATTR_USE_BUFFERED_QUERY attribute.
[10-Mar-2026 20:19:47 UTC] Failed to optimize leaderboard: SQLSTATE[HY000]: General error: 2014 Cannot execute queries while other unbuffered queries are active.  Consider using PDOStatement::fetchAll().  Alternatively, if your code is only ever going to run against mysql, you may enable query buffering by setting the PDO::MYSQL_ATTR_USE_BUFFERED_QUERY attribute.
[10-Mar-2026 20:19:47 UTC] Failed to optimize member_profiles: SQLSTATE[HY000]: General error: 2014 Cannot execute queries while other unbuffered queries are active.  Consider using PDOStatement::fetchAll().  Alternatively, if your code is only ever going to run against mysql, you may enable query buffering by setting the PDO::MYSQL_ATTR_USE_BUFFERED_QUERY attribute.
[10-Mar-2026 20:19:47 UTC] Failed to optimize notifications: SQLSTATE[HY000]: General error: 2014 Cannot execute queries while other unbuffered queries are active.  Consider using PDOStatement::fetchAll().  Alternatively, if your code is only ever going to run against mysql, you may enable query buffering by setting the PDO::MYSQL_ATTR_USE_BUFFERED_QUERY attribute.
[10-Mar-2026 20:19:47 UTC] Failed to optimize platform_status: SQLSTATE[HY000]: General error: 2014 Cannot execute queries while other unbuffered queries are active.  Consider using PDOStatement::fetchAll().  Alternatively, if your code is only ever going to run against mysql, you may enable query buffering by setting the PDO::MYSQL_ATTR_USE_BUFFERED_QUERY attribute.
[10-Mar-2026 20:19:47 UTC] Failed to optimize prospect_shares: SQLSTATE[HY000]: General error: 2014 Cannot execute queries while other unbuffered queries are active.  Consider using PDOStatement::fetchAll().  Alternatively, if your code is only ever going to run against mysql, you may enable query buffering by setting the PDO::MYSQL_ATTR_USE_BUFFERED_QUERY attribute.
[10-Mar-2026 20:19:47 UTC] Failed to optimize prospects: SQLSTATE[HY000]: General error: 2014 Cannot execute queries while other unbuffered queries are active.  Consider using PDOStatement::fetchAll().  Alternatively, if your code is only ever going to run against mysql, you may enable query buffering by setting the PDO::MYSQL_ATTR_USE_BUFFERED_QUERY attribute.
[10-Mar-2026 20:19:47 UTC] Failed to optimize settings: SQLSTATE[HY000]: General error: 2014 Cannot execute queries while other unbuffered queries are active.  Consider using PDOStatement::fetchAll().  Alternatively, if your code is only ever going to run against mysql, you may enable query buffering by setting the PDO::MYSQL_ATTR_USE_BUFFERED_QUERY attribute.
[10-Mar-2026 20:19:47 UTC] Failed to optimize targets: SQLSTATE[HY000]: General error: 2014 Cannot execute queries while other unbuffered queries are active.  Consider using PDOStatement::fetchAll().  Alternatively, if your code is only ever going to run against mysql, you may enable query buffering by setting the PDO::MYSQL_ATTR_USE_BUFFERED_QUERY attribute.
[10-Mar-2026 20:19:47 UTC] Failed to optimize tasks: SQLSTATE[HY000]: General error: 2014 Cannot execute queries while other unbuffered queries are active.  Consider using PDOStatement::fetchAll().  Alternatively, if your code is only ever going to run against mysql, you may enable query buffering by setting the PDO::MYSQL_ATTR_USE_BUFFERED_QUERY attribute.
[10-Mar-2026 20:19:47 UTC] Failed to optimize team_branding: SQLSTATE[HY000]: General error: 2014 Cannot execute queries while other unbuffered queries are active.  Consider using PDOStatement::fetchAll().  Alternatively, if your code is only ever going to run against mysql, you may enable query buffering by setting the PDO::MYSQL_ATTR_USE_BUFFERED_QUERY attribute.
[10-Mar-2026 20:19:47 UTC] Failed to optimize teams: SQLSTATE[HY000]: General error: 2014 Cannot execute queries while other unbuffered queries are active.  Consider using PDOStatement::fetchAll().  Alternatively, if your code is only ever going to run against mysql, you may enable query buffering by setting the PDO::MYSQL_ATTR_USE_BUFFERED_QUERY attribute.
[10-Mar-2026 20:19:47 UTC] Failed to optimize test_questions: SQLSTATE[HY000]: General error: 2014 Cannot execute queries while other unbuffered queries are active.  Consider using PDOStatement::fetchAll().  Alternatively, if your code is only ever going to run against mysql, you may enable query buffering by setting the PDO::MYSQL_ATTR_USE_BUFFERED_QUERY attribute.
[10-Mar-2026 20:19:47 UTC] Failed to optimize tests: SQLSTATE[HY000]: General error: 2014 Cannot execute queries while other unbuffered queries are active.  Consider using PDOStatement::fetchAll().  Alternatively, if your code is only ever going to run against mysql, you may enable query buffering by setting the PDO::MYSQL_ATTR_USE_BUFFERED_QUERY attribute.
[10-Mar-2026 20:19:47 UTC] Failed to optimize training_shares: SQLSTATE[HY000]: General error: 2014 Cannot execute queries while other unbuffered queries are active.  Consider using PDOStatement::fetchAll().  Alternatively, if your code is only ever going to run against mysql, you may enable query buffering by setting the PDO::MYSQL_ATTR_USE_BUFFERED_QUERY attribute.
[10-Mar-2026 20:19:47 UTC] Failed to optimize trainings: SQLSTATE[HY000]: General error: 2014 Cannot execute queries while other unbuffered queries are active.  Consider using PDOStatement::fetchAll().  Alternatively, if your code is only ever going to run against mysql, you may enable query buffering by setting the PDO::MYSQL_ATTR_USE_BUFFERED_QUERY attribute.
[10-Mar-2026 20:19:47 UTC] Failed to optimize user_badges: SQLSTATE[HY000]: General error: 2014 Cannot execute queries while other unbuffered queries are active.  Consider using PDOStatement::fetchAll().  Alternatively, if your code is only ever going to run against mysql, you may enable query buffering by setting the PDO::MYSQL_ATTR_USE_BUFFERED_QUERY attribute.
[10-Mar-2026 20:19:47 UTC] Failed to optimize users: SQLSTATE[HY000]: General error: 2014 Cannot execute queries while other unbuffered queries are active.  Consider using PDOStatement::fetchAll().  Alternatively, if your code is only ever going to run against mysql, you may enable query buffering by setting the PDO::MYSQL_ATTR_USE_BUFFERED_QUERY attribute.
[10-Mar-2026 20:19:47 UTC] Maintenance error: SQLSTATE[HY000]: General error: 2014 Cannot execute queries while other unbuffered queries are active.  Consider using PDOStatement::fetchAll().  Alternatively, if your code is only ever going to run against mysql, you may enable query buffering by setting the PDO::MYSQL_ATTR_USE_BUFFERED_QUERY attribute.
[10-Mar-2026 20:19:58 UTC] Failed to optimize announcements: SQLSTATE[HY000]: General error: 2014 Cannot execute queries while other unbuffered queries are active.  Consider using PDOStatement::fetchAll().  Alternatively, if your code is only ever going to run against mysql, you may enable query buffering by setting the PDO::MYSQL_ATTR_USE_BUFFERED_QUERY attribute.
[10-Mar-2026 20:19:58 UTC] Failed to optimize badges: SQLSTATE[HY000]: General error: 2014 Cannot execute queries while other unbuffered queries are active.  Consider using PDOStatement::fetchAll().  Alternatively, if your code is only ever going to run against mysql, you may enable query buffering by setting the PDO::MYSQL_ATTR_USE_BUFFERED_QUERY attribute.
[10-Mar-2026 20:19:58 UTC] Failed to optimize event_attendance: SQLSTATE[HY000]: General error: 2014 Cannot execute queries while other unbuffered queries are active.  Consider using PDOStatement::fetchAll().  Alternatively, if your code is only ever going to run against mysql, you may enable query buffering by setting the PDO::MYSQL_ATTR_USE_BUFFERED_QUERY attribute.
[10-Mar-2026 20:19:58 UTC] Failed to optimize events: SQLSTATE[HY000]: General error: 2014 Cannot execute queries while other unbuffered queries are active.  Consider using PDOStatement::fetchAll().  Alternatively, if your code is only ever going to run against mysql, you may enable query buffering by setting the PDO::MYSQL_ATTR_USE_BUFFERED_QUERY attribute.
[10-Mar-2026 20:19:58 UTC] Failed to optimize leaderboard: SQLSTATE[HY000]: General error: 2014 Cannot execute queries while other unbuffered queries are active.  Consider using PDOStatement::fetchAll().  Alternatively, if your code is only ever going to run against mysql, you may enable query buffering by setting the PDO::MYSQL_ATTR_USE_BUFFERED_QUERY attribute.
[10-Mar-2026 20:19:58 UTC] Failed to optimize member_profiles: SQLSTATE[HY000]: General error: 2014 Cannot execute queries while other unbuffered queries are active.  Consider using PDOStatement::fetchAll().  Alternatively, if your code is only ever going to run against mysql, you may enable query buffering by setting the PDO::MYSQL_ATTR_USE_BUFFERED_QUERY attribute.
[10-Mar-2026 20:19:58 UTC] Failed to optimize notifications: SQLSTATE[HY000]: General error: 2014 Cannot execute queries while other unbuffered queries are active.  Consider using PDOStatement::fetchAll().  Alternatively, if your code is only ever going to run against mysql, you may enable query buffering by setting the PDO::MYSQL_ATTR_USE_BUFFERED_QUERY attribute.
[10-Mar-2026 20:19:58 UTC] Failed to optimize platform_status: SQLSTATE[HY000]: General error: 2014 Cannot execute queries while other unbuffered queries are active.  Consider using PDOStatement::fetchAll().  Alternatively, if your code is only ever going to run against mysql, you may enable query buffering by setting the PDO::MYSQL_ATTR_USE_BUFFERED_QUERY attribute.
[10-Mar-2026 20:19:58 UTC] Failed to optimize prospect_shares: SQLSTATE[HY000]: General error: 2014 Cannot execute queries while other unbuffered queries are active.  Consider using PDOStatement::fetchAll().  Alternatively, if your code is only ever going to run against mysql, you may enable query buffering by setting the PDO::MYSQL_ATTR_USE_BUFFERED_QUERY attribute.
[10-Mar-2026 20:19:58 UTC] Failed to optimize prospects: SQLSTATE[HY000]: General error: 2014 Cannot execute queries while other unbuffered queries are active.  Consider using PDOStatement::fetchAll().  Alternatively, if your code is only ever going to run against mysql, you may enable query buffering by setting the PDO::MYSQL_ATTR_USE_BUFFERED_QUERY attribute.
[10-Mar-2026 20:19:58 UTC] Failed to optimize settings: SQLSTATE[HY000]: General error: 2014 Cannot execute queries while other unbuffered queries are active.  Consider using PDOStatement::fetchAll().  Alternatively, if your code is only ever going to run against mysql, you may enable query buffering by setting the PDO::MYSQL_ATTR_USE_BUFFERED_QUERY attribute.
[10-Mar-2026 20:19:58 UTC] Failed to optimize targets: SQLSTATE[HY000]: General error: 2014 Cannot execute queries while other unbuffered queries are active.  Consider using PDOStatement::fetchAll().  Alternatively, if your code is only ever going to run against mysql, you may enable query buffering by setting the PDO::MYSQL_ATTR_USE_BUFFERED_QUERY attribute.
[10-Mar-2026 20:19:58 UTC] Failed to optimize tasks: SQLSTATE[HY000]: General error: 2014 Cannot execute queries while other unbuffered queries are active.  Consider using PDOStatement::fetchAll().  Alternatively, if your code is only ever going to run against mysql, you may enable query buffering by setting the PDO::MYSQL_ATTR_USE_BUFFERED_QUERY attribute.
[10-Mar-2026 20:19:58 UTC] Failed to optimize team_branding: SQLSTATE[HY000]: General error: 2014 Cannot execute queries while other unbuffered queries are active.  Consider using PDOStatement::fetchAll().  Alternatively, if your code is only ever going to run against mysql, you may enable query buffering by setting the PDO::MYSQL_ATTR_USE_BUFFERED_QUERY attribute.
[10-Mar-2026 20:19:58 UTC] Failed to optimize teams: SQLSTATE[HY000]: General error: 2014 Cannot execute queries while other unbuffered queries are active.  Consider using PDOStatement::fetchAll().  Alternatively, if your code is only ever going to run against mysql, you may enable query buffering by setting the PDO::MYSQL_ATTR_USE_BUFFERED_QUERY attribute.
[10-Mar-2026 20:19:58 UTC] Failed to optimize test_questions: SQLSTATE[HY000]: General error: 2014 Cannot execute queries while other unbuffered queries are active.  Consider using PDOStatement::fetchAll().  Alternatively, if your code is only ever going to run against mysql, you may enable query buffering by setting the PDO::MYSQL_ATTR_USE_BUFFERED_QUERY attribute.
[10-Mar-2026 20:19:58 UTC] Failed to optimize tests: SQLSTATE[HY000]: General error: 2014 Cannot execute queries while other unbuffered queries are active.  Consider using PDOStatement::fetchAll().  Alternatively, if your code is only ever going to run against mysql, you may enable query buffering by setting the PDO::MYSQL_ATTR_USE_BUFFERED_QUERY attribute.
[10-Mar-2026 20:19:58 UTC] Failed to optimize training_shares: SQLSTATE[HY000]: General error: 2014 Cannot execute queries while other unbuffered queries are active.  Consider using PDOStatement::fetchAll().  Alternatively, if your code is only ever going to run against mysql, you may enable query buffering by setting the PDO::MYSQL_ATTR_USE_BUFFERED_QUERY attribute.
[10-Mar-2026 20:19:58 UTC] Failed to optimize trainings: SQLSTATE[HY000]: General error: 2014 Cannot execute queries while other unbuffered queries are active.  Consider using PDOStatement::fetchAll().  Alternatively, if your code is only ever going to run against mysql, you may enable query buffering by setting the PDO::MYSQL_ATTR_USE_BUFFERED_QUERY attribute.
[10-Mar-2026 20:19:58 UTC] Failed to optimize user_badges: SQLSTATE[HY000]: General error: 2014 Cannot execute queries while other unbuffered queries are active.  Consider using PDOStatement::fetchAll().  Alternatively, if your code is only ever going to run against mysql, you may enable query buffering by setting the PDO::MYSQL_ATTR_USE_BUFFERED_QUERY attribute.
[10-Mar-2026 20:19:58 UTC] Failed to optimize users: SQLSTATE[HY000]: General error: 2014 Cannot execute queries while other unbuffered queries are active.  Consider using PDOStatement::fetchAll().  Alternatively, if your code is only ever going to run against mysql, you may enable query buffering by setting the PDO::MYSQL_ATTR_USE_BUFFERED_QUERY attribute.
[10-Mar-2026 20:19:58 UTC] Maintenance error: SQLSTATE[HY000]: General error: 2014 Cannot execute queries while other unbuffered queries are active.  Consider using PDOStatement::fetchAll().  Alternatively, if your code is only ever going to run against mysql, you may enable query buffering by setting the PDO::MYSQL_ATTR_USE_BUFFERED_QUERY attribute.
